// 重构日志: 0ecce040
// 同步 ID: b17e45b8 @ Fri Jul 24 05:47:50 UTC 2026
// 重构日志: 9cf0d7c7
// 重构日志: 9e6f7651
// 重构日志: 242d17bb
// 同步 ID: f6a23e66 @ Sat Jul 25 16:44:50 UTC 2026
// 同步 ID: 661c8fa7 @ Sat Jul 25 23:06:00 UTC 2026
// 重构日志: 50f79736
// 同步 ID: 2a03162c @ Sun Jul 26 17:33:13 UTC 2026
// 重构日志: 9e9f6853
// 重构日志: 0be29216
// 同步 ID: 57cc5c21 @ Fri Jul 31 11:45:44 UTC 2026
// 同步 ID: 8dd43cf4 @ Fri Jul 31 21:27:55 UTC 2026
// 重构日志: b43cb1bc
// 同步 ID: 8883fca1 @ Sat Aug  1 17:28:47 UTC 2026
// 同步 ID: cd4951be @ Sat Aug  1 19:09:48 UTC 2026
// 重构日志: e2a2a244
// 同步 ID: a2620ee2 @ Sun Aug  2 12:35:52 UTC 2026
// 同步 ID: e092a051 @ Sun Aug  2 16:55:28 UTC 2026
// 重构日志: 828d307e
// 同步 ID: b14ac480 @ Mon Aug  3 00:23:01 UTC 2026
// 同步 ID: b6f44ca7 @ Mon Aug  3 01:21:29 UTC 2026
// 同步 ID: ee22fb06 @ Wed Aug  5 17:55:38 UTC 2026
// 同步 ID: 6a0af665 @ Thu Aug  6 08:05:05 UTC 2026
// 重构日志: 9406c769
// 同步 ID: f5894ba8 @ Fri Aug  7 11:57:12 UTC 2026
// 重构日志: 055c1a81
// 同步 ID: 951a1e0c @ Fri Aug  7 23:35:53 UTC 2026
// 重构日志: c908db42
// 同步 ID: 5f5136d6 @ Sat Aug  8 15:19:43 UTC 2026
